Archive member included to satisfy reference by file (symbol)

c:/program files (x86)/atmel/studio/7.0/toolchain/avr8/avr8-gnu-toolchain/bin/../lib/gcc/avr/5.4.0/avr5\libgcc.a(_divmodsi4.o)
                              HAL/LCD/LCD_Core.o (__divmodsi4)
c:/program files (x86)/atmel/studio/7.0/toolchain/avr8/avr8-gnu-toolchain/bin/../lib/gcc/avr/5.4.0/avr5\libgcc.a(_negsi2.o)
                              c:/program files (x86)/atmel/studio/7.0/toolchain/avr8/avr8-gnu-toolchain/bin/../lib/gcc/avr/5.4.0/avr5\libgcc.a(_divmodsi4.o) (__negsi2)
c:/program files (x86)/atmel/studio/7.0/toolchain/avr8/avr8-gnu-toolchain/bin/../lib/gcc/avr/5.4.0/avr5\libgcc.a(_exit.o)
                              C:/Program Files (x86)/Atmel/Studio/7.0/Packs/atmel/ATmega_DFP/1.2.209/gcc/dev/atmega32/avr5/crtatmega32.o (exit)
c:/program files (x86)/atmel/studio/7.0/toolchain/avr8/avr8-gnu-toolchain/bin/../lib/gcc/avr/5.4.0/avr5\libgcc.a(_copy_data.o)
                              APP/CFGH/HAL_CFG/LCD_CFG.o (__do_copy_data)
c:/program files (x86)/atmel/studio/7.0/toolchain/avr8/avr8-gnu-toolchain/bin/../lib/gcc/avr/5.4.0/avr5\libgcc.a(_clear_bss.o)
                              APP/Smart Door/Smart_Door.o (__do_clear_bss)
c:/program files (x86)/atmel/studio/7.0/toolchain/avr8/avr8-gnu-toolchain/bin/../lib/gcc/avr/5.4.0/avr5\libgcc.a(_umulhisi3.o)
                              MCAL/PWM/PWM_Core.o (__umulhisi3)
c:/program files (x86)/atmel/studio/7.0/toolchain/avr8/avr8-gnu-toolchain/bin/../lib/gcc/avr/5.4.0/avr5\libgcc.a(_udivmodsi4.o)
                              c:/program files (x86)/atmel/studio/7.0/toolchain/avr8/avr8-gnu-toolchain/bin/../lib/gcc/avr/5.4.0/avr5\libgcc.a(_divmodsi4.o) (__udivmodsi4)

Allocating common symbols
Common symbol       size              file

TIMER0Number_CmprMatch_Flags_g
                    0x4               MCAL/GPT/GPT_Core.o
TIMER0Number_OVF_Flags_g
                    0x4               MCAL/GPT/GPT_Core.o
TIMER1Number_OVF_Flags_g
                    0x4               MCAL/GPT/GPT_Core.o
TIMER0Init_Value_g  0x4               MCAL/GPT/GPT_Core.o
UART_TRANSMITTED_DATA
                    0x7               MCAL/UART/UART_Core.o
TIMER1Init_Value_g  0x4               MCAL/GPT/GPT_Core.o
UART_Received_Data  0x4               APP/Smart Door/Smart_Door.o
UART_RECEIVED_DATA  0x5               MCAL/UART/UART_Core.o

Discarded input sections

 .data          0x00000000        0x0 C:/Program Files (x86)/Atmel/Studio/7.0/Packs/atmel/ATmega_DFP/1.2.209/gcc/dev/atmega32/avr5/crtatmega32.o
 .bss           0x00000000        0x0 C:/Program Files (x86)/Atmel/Studio/7.0/Packs/atmel/ATmega_DFP/1.2.209/gcc/dev/atmega32/avr5/crtatmega32.o
 .text          0x00000000        0x0 APP/CFGH/HAL_CFG/LCD_CFG.o
 .data          0x00000000        0x0 APP/CFGH/HAL_CFG/LCD_CFG.o
 .bss           0x00000000        0x0 APP/CFGH/HAL_CFG/LCD_CFG.o
 .text          0x00000000        0x0 APP/CFGH/MCAL_CFG/PORT_LCFG.o
 .data          0x00000000        0x0 APP/CFGH/MCAL_CFG/PORT_LCFG.o
 .bss           0x00000000        0x0 APP/CFGH/MCAL_CFG/PORT_LCFG.o
 .text          0x00000000        0x0 APP/MAIN/main.o
 .data          0x00000000        0x0 APP/MAIN/main.o
 .bss           0x00000000        0x0 APP/MAIN/main.o
 .text          0x00000000        0x0 APP/Smart Door/Smart_Door.o
 .data          0x00000000        0x0 APP/Smart Door/Smart_Door.o
 .bss           0x00000000        0x0 APP/Smart Door/Smart_Door.o
 .text          0x00000000        0x0 HAL/Buzzer/Buzzer_Core.o
 .data          0x00000000        0x0 HAL/Buzzer/Buzzer_Core.o
 .bss           0x00000000        0x0 HAL/Buzzer/Buzzer_Core.o
 .text          0x00000000        0x0 HAL/EEPROM/EEPROM_Core.o
 .data          0x00000000        0x0 HAL/EEPROM/EEPROM_Core.o
 .bss           0x00000000        0x0 HAL/EEPROM/EEPROM_Core.o
 .text          0x00000000        0x0 HAL/LCD/LCD_Core.o
 .data          0x00000000        0x0 HAL/LCD/LCD_Core.o
 .bss           0x00000000        0x0 HAL/LCD/LCD_Core.o
 .text.LCD_WriteInteger
                0x00000000      0x122 HAL/LCD/LCD_Core.o
 .text          0x00000000        0x0 HAL/LED/LED_Core.o
 .data          0x00000000        0x0 HAL/LED/LED_Core.o
 .bss           0x00000000        0x0 HAL/LED/LED_Core.o
 .text.LED_Init
                0x00000000        0x4 HAL/LED/LED_Core.o
 .text.LED_TGL  0x00000000        0x8 HAL/LED/LED_Core.o
 .text          0x00000000        0x0 HAL/ServoMotor/ServoMotor_Core.o
 .data          0x00000000        0x0 HAL/ServoMotor/ServoMotor_Core.o
 .bss           0x00000000        0x0 HAL/ServoMotor/ServoMotor_Core.o
 .text          0x00000000        0x0 MCAL/DIO/DIO_Core.o
 .data          0x00000000        0x0 MCAL/DIO/DIO_Core.o
 .bss           0x00000000        0x0 MCAL/DIO/DIO_Core.o
 .text.DIO_ReadChannel
                0x00000000       0x66 MCAL/DIO/DIO_Core.o
 .text.DIO_FlipChannel
                0x00000000       0x82 MCAL/DIO/DIO_Core.o
 .text.DIO_WritePort
                0x00000000       0x26 MCAL/DIO/DIO_Core.o
 .text.DIO_ReadPort
                0x00000000       0x2a MCAL/DIO/DIO_Core.o
 .text          0x00000000        0x0 MCAL/GPT/GPT_Core.o
 .data          0x00000000        0x0 MCAL/GPT/GPT_Core.o
 .bss           0x00000000        0x0 MCAL/GPT/GPT_Core.o
 .text.GPT_SetTime
                0x00000000       0x22 MCAL/GPT/GPT_Core.o
 .text          0x00000000        0x0 MCAL/I2C/I2C_Core.o
 .data          0x00000000        0x0 MCAL/I2C/I2C_Core.o
 .bss           0x00000000        0x0 MCAL/I2C/I2C_Core.o
 .text.I2C_SlaveInit
                0x00000000       0x12 MCAL/I2C/I2C_Core.o
 .text          0x00000000        0x0 MCAL/IRQH/IRQH_Core.o
 .data          0x00000000        0x0 MCAL/IRQH/IRQH_Core.o
 .bss           0x00000000        0x0 MCAL/IRQH/IRQH_Core.o
 .text.IRQH_SetExternalInterrupts
                0x00000000       0x14 MCAL/IRQH/IRQH_Core.o
 .text.IRQH_SetCallBackGPT
                0x00000000        0xa MCAL/IRQH/IRQH_Core.o
 .text          0x00000000        0x0 MCAL/PORT/PORT_Core.o
 .data          0x00000000        0x0 MCAL/PORT/PORT_Core.o
 .bss           0x00000000        0x0 MCAL/PORT/PORT_Core.o
 .text          0x00000000        0x0 MCAL/PWM/PWM_Core.o
 .data          0x00000000        0x0 MCAL/PWM/PWM_Core.o
 .bss           0x00000000        0x0 MCAL/PWM/PWM_Core.o
 .text.PWM0_Generate
                0x00000000        0x2 MCAL/PWM/PWM_Core.o
 .text          0x00000000        0x0 MCAL/UART/UART_Core.o
 .data          0x00000000        0x0 MCAL/UART/UART_Core.o
 .bss           0x00000000        0x0 MCAL/UART/UART_Core.o
 .text.UART_InitTx
                0x00000000        0xa MCAL/UART/UART_Core.o
 .text.UART_SendData
                0x00000000       0x2e MCAL/UART/UART_Core.o
 .text.UART_ReceiveData
                0x00000000       0x28 MCAL/UART/UART_Core.o
 .text.UART_ReceivedData_Status
                0x00000000       0x12 MCAL/UART/UART_Core.o
 .text.UART_EnableReceiving
                0x00000000        0x6 MCAL/UART/UART_Core.o
 .text.UART_DisableReceiving
                0x00000000        0x6 MCAL/UART/UART_Core.o
 .bss.REC_CNTR.1819
                0x00000000        0x1 MCAL/UART/UART_Core.o
 .bss.ReceivedData_FLAG
                0x00000000        0x1 MCAL/UART/UART_Core.o
 COMMON         0x00000000        0xc MCAL/UART/UART_Core.o
 .text          0x00000000        0x0 c:/program files (x86)/atmel/studio/7.0/toolchain/avr8/avr8-gnu-toolchain/bin/../lib/gcc/avr/5.4.0/avr5\libgcc.a(_divmodsi4.o)
 .data          0x00000000        0x0 c:/program files (x86)/atmel/studio/7.0/toolchain/avr8/avr8-gnu-toolchain/bin/../lib/gcc/avr/5.4.0/avr5\libgcc.a(_divmodsi4.o)
 .bss           0x00000000        0x0 c:/program files (x86)/atmel/studio/7.0/toolchain/avr8/avr8-gnu-toolchain/bin/../lib/gcc/avr/5.4.0/avr5\libgcc.a(_divmodsi4.o)
 .text.libgcc.mul
                0x00000000        0x0 c:/program files (x86)/atmel/studio/7.0/toolchain/avr8/avr8-gnu-toolchain/bin/../lib/gcc/avr/5.4.0/avr5\libgcc.a(_divmodsi4.o)
 .text.libgcc   0x00000000        0x0 c:/program files (x86)/atmel/studio/7.0/toolchain/avr8/avr8-gnu-toolchain/bin/../lib/gcc/avr/5.4.0/avr5\libgcc.a(_divmodsi4.o)
 .text.libgcc.prologue
                0x00000000        0x0 c:/program files (x86)/atmel/studio/7.0/toolchain/avr8/avr8-gnu-toolchain/bin/../lib/gcc/avr/5.4.0/avr5\libgcc.a(_divmodsi4.o)
 .text.libgcc.builtins
                0x00000000        0x0 c:/program files (x86)/atmel/studio/7.0/toolchain/avr8/avr8-gnu-toolchain/bin/../lib/gcc/avr/5.4.0/avr5\libgcc.a(_divmodsi4.o)
 .text.libgcc.fmul
                0x00000000        0x0 c:/program files (x86)/atmel/studio/7.0/toolchain/avr8/avr8-gnu-toolchain/bin/../lib/gcc/avr/5.4.0/avr5\libgcc.a(_divmodsi4.o)
 .text.libgcc.fixed
                0x00000000        0x0 c:/program files (x86)/atmel/studio/7.0/toolchain/avr8/avr8-gnu-toolchain/bin/../lib/gcc/avr/5.4.0/avr5\libgcc.a(_divmodsi4.o)
 .text          0x00000000        0x0 c:/program files (x86)/atmel/studio/7.0/toolchain/avr8/avr8-gnu-toolchain/bin/../lib/gcc/avr/5.4.0/avr5\libgcc.a(_negsi2.o)
 .data          0x00000000        0x0 c:/program files (x86)/atmel/studio/7.0/toolchain/avr8/avr8-gnu-toolchain/bin/../lib/gcc/avr/5.4.0/avr5\libgcc.a(_negsi2.o)
 .bss           0x00000000        0x0 c:/program files (x86)/atmel/studio/7.0/toolchain/avr8/avr8-gnu-toolchain/bin/../lib/gcc/avr/5.4.0/avr5\libgcc.a(_negsi2.o)
 .text.libgcc.mul
                0x00000000        0x0 c:/program files (x86)/atmel/studio/7.0/toolchain/avr8/avr8-gnu-toolchain/bin/../lib/gcc/avr/5.4.0/avr5\libgcc.a(_negsi2.o)
 .text.libgcc   0x00000000        0x0 c:/program files (x86)/atmel/studio/7.0/toolchain/avr8/avr8-gnu-toolchain/bin/../lib/gcc/avr/5.4.0/avr5\libgcc.a(_negsi2.o)
 .text.libgcc.prologue
                0x00000000        0x0 c:/program files (x86)/atmel/studio/7.0/toolchain/avr8/avr8-gnu-toolchain/bin/../lib/gcc/avr/5.4.0/avr5\libgcc.a(_negsi2.o)
 .text.libgcc.builtins
                0x00000000        0x0 c:/program files (x86)/atmel/studio/7.0/toolchain/avr8/avr8-gnu-toolchain/bin/../lib/gcc/avr/5.4.0/avr5\libgcc.a(_negsi2.o)
 .text.libgcc.fmul
                0x00000000        0x0 c:/program files (x86)/atmel/studio/7.0/toolchain/avr8/avr8-gnu-toolchain/bin/../lib/gcc/avr/5.4.0/avr5\libgcc.a(_negsi2.o)
 .text.libgcc.fixed
                0x00000000        0x0 c:/program files (x86)/atmel/studio/7.0/toolchain/avr8/avr8-gnu-toolchain/bin/../lib/gcc/avr/5.4.0/avr5\libgcc.a(_negsi2.o)
 .text          0x00000000        0x0 c:/program files (x86)/atmel/studio/7.0/toolchain/avr8/avr8-gnu-toolchain/bin/../lib/gcc/avr/5.4.0/avr5\libgcc.a(_exit.o)
 .data          0x00000000        0x0 c:/program files (x86)/atmel/studio/7.0/toolchain/avr8/avr8-gnu-toolchain/bin/../lib/gcc/avr/5.4.0/avr5\libgcc.a(_exit.o)
 .bss           0x00000000        0x0 c:/program files (x86)/atmel/studio/7.0/toolchain/avr8/avr8-gnu-toolchain/bin/../lib/gcc/avr/5.4.0/avr5\libgcc.a(_exit.o)
 .text.libgcc.mul
                0x00000000        0x0 c:/program files (x86)/atmel/studio/7.0/toolchain/avr8/avr8-gnu-toolchain/bin/../lib/gcc/avr/5.4.0/avr5\libgcc.a(_exit.o)
 .text.libgcc.div
                0x00000000        0x0 c:/program files (x86)/atmel/studio/7.0/toolchain/avr8/avr8-gnu-toolchain/bin/../lib/gcc/avr/5.4.0/avr5\libgcc.a(_exit.o)
 .text.libgcc   0x00000000        0x0 c:/program files (x86)/atmel/studio/7.0/toolchain/avr8/avr8-gnu-toolchain/bin/../lib/gcc/avr/5.4.0/avr5\libgcc.a(_exit.o)
 .text.libgcc.prologue
                0x00000000        0x0 c:/program files (x86)/atmel/studio/7.0/toolchain/avr8/avr8-gnu-toolchain/bin/../lib/gcc/avr/5.4.0/avr5\libgcc.a(_exit.o)
 .text.libgcc.builtins
                0x00000000        0x0 c:/program files (x86)/atmel/studio/7.0/toolchain/avr8/avr8-gnu-toolchain/bin/../lib/gcc/avr/5.4.0/avr5\libgcc.a(_exit.o)
 .text.libgcc.fmul
                0x00000000        0x0 c:/program files (x86)/atmel/studio/7.0/toolchain/avr8/avr8-gnu-toolchain/bin/../lib/gcc/avr/5.4.0/avr5\libgcc.a(_exit.o)
 .text.libgcc.fixed
                0x00000000        0x0 c:/program files (x86)/atmel/studio/7.0/toolchain/avr8/avr8-gnu-toolchain/bin/../lib/gcc/avr/5.4.0/avr5\libgcc.a(_exit.o)
 .text          0x00000000        0x0 c:/program files (x86)/atmel/studio/7.0/toolchain/avr8/avr8-gnu-toolchain/bin/../lib/gcc/avr/5.4.0/avr5\libgcc.a(_copy_data.o)
 .data          0x00000000        0x0 c:/program files (x86)/atmel/studio/7.0/toolchain/avr8/avr8-gnu-toolchain/bin/../lib/gcc/avr/5.4.0/avr5\libgcc.a(_copy_data.o)
 .bss           0x00000000        0x0 c:/program files (x86)/atmel/studio/7.0/toolchain/avr8/avr8-gnu-toolchain/bin/../lib/gcc/avr/5.4.0/avr5\libgcc.a(_copy_data.o)
 .text.libgcc.mul
                0x00000000        0x0 c:/program files (x86)/atmel/studio/7.0/toolchain/avr8/avr8-gnu-toolchain/bin/../lib/gcc/avr/5.4.0/avr5\libgcc.a(_copy_data.o)
 .text.libgcc.div
                0x00000000        0x0 c:/program files (x86)/atmel/studio/7.0/toolchain/avr8/avr8-gnu-toolchain/bin/../lib/gcc/avr/5.4.0/avr5\libgcc.a(_copy_data.o)
 .text.libgcc   0x00000000        0x0 c:/program files (x86)/atmel/studio/7.0/toolchain/avr8/avr8-gnu-toolchain/bin/../lib/gcc/avr/5.4.0/avr5\libgcc.a(_copy_data.o)
 .text.libgcc.prologue
                0x00000000        0x0 c:/program files (x86)/atmel/studio/7.0/toolchain/avr8/avr8-gnu-toolchain/bin/../lib/gcc/avr/5.4.0/avr5\libgcc.a(_copy_data.o)
 .text.libgcc.builtins
                0x00000000        0x0 c:/program files (x86)/atmel/studio/7.0/toolchain/avr8/avr8-gnu-toolchain/bin/../lib/gcc/avr/5.4.0/avr5\libgcc.a(_copy_data.o)
 .text.libgcc.fmul
                0x00000000        0x0 c:/program files (x86)/atmel/studio/7.0/toolchain/avr8/avr8-gnu-toolchain/bin/../lib/gcc/avr/5.4.0/avr5\libgcc.a(_copy_data.o)
 .text.libgcc.fixed
                0x00000000        0x0 c:/program files (x86)/atmel/studio/7.0/toolchain/avr8/avr8-gnu-toolchain/bin/../lib/gcc/avr/5.4.0/avr5\libgcc.a(_copy_data.o)
 .text          0x00000000        0x0 c:/program files (x86)/atmel/studio/7.0/toolchain/avr8/avr8-gnu-toolchain/bin/../lib/gcc/avr/5.4.0/avr5\libgcc.a(_clear_bss.o)
 .data          0x00000000        0x0 c:/program files (x86)/atmel/studio/7.0/toolchain/avr8/avr8-gnu-toolchain/bin/../lib/gcc/avr/5.4.0/avr5\libgcc.a(_clear_bss.o)
 .bss           0x00000000        0x0 c:/program files (x86)/atmel/studio/7.0/toolchain/avr8/avr8-gnu-toolchain/bin/../lib/gcc/avr/5.4.0/avr5\libgcc.a(_clear_bss.o)
 .text.libgcc.mul
                0x00000000        0x0 c:/program files (x86)/atmel/studio/7.0/toolchain/avr8/avr8-gnu-toolchain/bin/../lib/gcc/avr/5.4.0/avr5\libgcc.a(_clear_bss.o)
 .text.libgcc.div
                0x00000000        0x0 c:/program files (x86)/atmel/studio/7.0/toolchain/avr8/avr8-gnu-toolchain/bin/../lib/gcc/avr/5.4.0/avr5\libgcc.a(_clear_bss.o)
 .text.libgcc   0x00000000        0x0 c:/program files (x86)/atmel/studio/7.0/toolchain/avr8/avr8-gnu-toolchain/bin/../lib/gcc/avr/5.4.0/avr5\libgcc.a(_clear_bss.o)
 .text.libgcc.prologue
                0x00000000        0x0 c:/program files (x86)/atmel/studio/7.0/toolchain/avr8/avr8-gnu-toolchain/bin/../lib/gcc/avr/5.4.0/avr5\libgcc.a(_clear_bss.o)
 .text.libgcc.builtins
                0x00000000        0x0 c:/program files (x86)/atmel/studio/7.0/toolchain/avr8/avr8-gnu-toolchain/bin/../lib/gcc/avr/5.4.0/avr5\libgcc.a(_clear_bss.o)
 .text.libgcc.fmul
                0x00000000        0x0 c:/program files (x86)/atmel/studio/7.0/toolchain/avr8/avr8-gnu-toolchain/bin/../lib/gcc/avr/5.4.0/avr5\libgcc.a(_clear_bss.o)
 .text.libgcc.fixed
                0x00000000        0x0 c:/program files (x86)/atmel/studio/7.0/toolchain/avr8/avr8-gnu-toolchain/bin/../lib/gcc/avr/5.4.0/avr5\libgcc.a(_clear_bss.o)
 .text          0x00000000        0x0 c:/program files (x86)/atmel/studio/7.0/toolchain/avr8/avr8-gnu-toolchain/bin/../lib/gcc/avr/5.4.0/avr5\libgcc.a(_umulhisi3.o)
 .data          0x00000000        0x0 c:/program files (x86)/atmel/studio/7.0/toolchain/avr8/avr8-gnu-toolchain/bin/../lib/gcc/avr/5.4.0/avr5\libgcc.a(_umulhisi3.o)
 .bss           0x00000000        0x0 c:/program files (x86)/atmel/studio/7.0/toolchain/avr8/avr8-gnu-toolchain/bin/../lib/gcc/avr/5.4.0/avr5\libgcc.a(_umulhisi3.o)
 .text.libgcc.div
                0x00000000        0x0 c:/program files (x86)/atmel/studio/7.0/toolchain/avr8/avr8-gnu-toolchain/bin/../lib/gcc/avr/5.4.0/avr5\libgcc.a(_umulhisi3.o)
 .text.libgcc   0x00000000        0x0 c:/program files (x86)/atmel/studio/7.0/toolchain/avr8/avr8-gnu-toolchain/bin/../lib/gcc/avr/5.4.0/avr5\libgcc.a(_umulhisi3.o)
 .text.libgcc.prologue
                0x00000000        0x0 c:/program files (x86)/atmel/studio/7.0/toolchain/avr8/avr8-gnu-toolchain/bin/../lib/gcc/avr/5.4.0/avr5\libgcc.a(_umulhisi3.o)
 .text.libgcc.builtins
                0x00000000        0x0 c:/program files (x86)/atmel/studio/7.0/toolchain/avr8/avr8-gnu-toolchain/bin/../lib/gcc/avr/5.4.0/avr5\libgcc.a(_umulhisi3.o)
 .text.libgcc.fmul
                0x00000000        0x0 c:/program files (x86)/atmel/studio/7.0/toolchain/avr8/avr8-gnu-toolchain/bin/../lib/gcc/avr/5.4.0/avr5\libgcc.a(_umulhisi3.o)
 .text.libgcc.fixed
                0x00000000        0x0 c:/program files (x86)/atmel/studio/7.0/toolchain/avr8/avr8-gnu-toolchain/bin/../lib/gcc/avr/5.4.0/avr5\libgcc.a(_umulhisi3.o)
 .text          0x00000000        0x0 c:/program files (x86)/atmel/studio/7.0/toolchain/avr8/avr8-gnu-toolchain/bin/../lib/gcc/avr/5.4.0/avr5\libgcc.a(_udivmodsi4.o)
 .data          0x00000000        0x0 c:/program files (x86)/atmel/studio/7.0/toolchain/avr8/avr8-gnu-toolchain/bin/../lib/gcc/avr/5.4.0/avr5\libgcc.a(_udivmodsi4.o)
 .bss           0x00000000        0x0 c:/program files (x86)/atmel/studio/7.0/toolchain/avr8/avr8-gnu-toolchain/bin/../lib/gcc/avr/5.4.0/avr5\libgcc.a(_udivmodsi4.o)
 .text.libgcc.mul
                0x00000000        0x0 c:/program files (x86)/atmel/studio/7.0/toolchain/avr8/avr8-gnu-toolchain/bin/../lib/gcc/avr/5.4.0/avr5\libgcc.a(_udivmodsi4.o)
 .text.libgcc   0x00000000        0x0 c:/program files (x86)/atmel/studio/7.0/toolchain/avr8/avr8-gnu-toolchain/bin/../lib/gcc/avr/5.4.0/avr5\libgcc.a(_udivmodsi4.o)
 .text.libgcc.prologue
                0x00000000        0x0 c:/program files (x86)/atmel/studio/7.0/toolchain/avr8/avr8-gnu-toolchain/bin/../lib/gcc/avr/5.4.0/avr5\libgcc.a(_udivmodsi4.o)
 .text.libgcc.builtins
                0x00000000        0x0 c:/program files (x86)/atmel/studio/7.0/toolchain/avr8/avr8-gnu-toolchain/bin/../lib/gcc/avr/5.4.0/avr5\libgcc.a(_udivmodsi4.o)
 .text.libgcc.fmul
                0x00000000        0x0 c:/program files (x86)/atmel/studio/7.0/toolchain/avr8/avr8-gnu-toolchain/bin/../lib/gcc/avr/5.4.0/avr5\libgcc.a(_udivmodsi4.o)
 .text.libgcc.fixed
                0x00000000        0x0 c:/program files (x86)/atmel/studio/7.0/toolchain/avr8/avr8-gnu-toolchain/bin/../lib/gcc/avr/5.4.0/avr5\libgcc.a(_udivmodsi4.o)

Memory Configuration

Name             Origin             Length             Attributes
text             0x00000000         0x00020000         xr
data             0x00800060         0x0000ffa0         rw !x
eeprom           0x00810000         0x00010000         rw !x
fuse             0x00820000         0x00000002         rw !x
lock             0x00830000         0x00000400         rw !x
signature        0x00840000         0x00000400         rw !x
user_signatures  0x00850000         0x00000400         rw !x
*default*        0x00000000         0xffffffff

Linker script and memory map

LOAD C:/Program Files (x86)/Atmel/Studio/7.0/Packs/atmel/ATmega_DFP/1.2.209/gcc/dev/atmega32/avr5/crtatmega32.o
LOAD APP/CFGH/HAL_CFG/LCD_CFG.o
LOAD APP/CFGH/MCAL_CFG/PORT_LCFG.o
LOAD APP/MAIN/main.o
LOAD APP/Smart Door/Smart_Door.o
LOAD HAL/Buzzer/Buzzer_Core.o
LOAD HAL/EEPROM/EEPROM_Core.o
LOAD HAL/LCD/LCD_Core.o
LOAD HAL/LED/LED_Core.o
LOAD HAL/ServoMotor/ServoMotor_Core.o
LOAD MCAL/DIO/DIO_Core.o
LOAD MCAL/GPT/GPT_Core.o
LOAD MCAL/I2C/I2C_Core.o
LOAD MCAL/IRQH/IRQH_Core.o
LOAD MCAL/PORT/PORT_Core.o
LOAD MCAL/PWM/PWM_Core.o
LOAD MCAL/UART/UART_Core.o
START GROUP
LOAD c:/program files (x86)/atmel/studio/7.0/toolchain/avr8/avr8-gnu-toolchain/bin/../lib/gcc/avr/5.4.0/../../../../avr/lib/avr5\libm.a
END GROUP
START GROUP
LOAD c:/program files (x86)/atmel/studio/7.0/toolchain/avr8/avr8-gnu-toolchain/bin/../lib/gcc/avr/5.4.0/avr5\libgcc.a
LOAD c:/program files (x86)/atmel/studio/7.0/toolchain/avr8/avr8-gnu-toolchain/bin/../lib/gcc/avr/5.4.0/../../../../avr/lib/avr5\libm.a
LOAD c:/program files (x86)/atmel/studio/7.0/toolchain/avr8/avr8-gnu-toolchain/bin/../lib/gcc/avr/5.4.0/../../../../avr/lib/avr5\libc.a
LOAD C:/Program Files (x86)/Atmel/Studio/7.0/Packs/atmel/ATmega_DFP/1.2.209/gcc/dev/atmega32/avr5\libatmega32.a
END GROUP
                0x00020000                __TEXT_REGION_LENGTH__ = DEFINED (__TEXT_REGION_LENGTH__)?__TEXT_REGION_LENGTH__:0x20000
                0x0000ffa0                __DATA_REGION_LENGTH__ = DEFINED (__DATA_REGION_LENGTH__)?__DATA_REGION_LENGTH__:0xffa0
                0x00010000                __EEPROM_REGION_LENGTH__ = DEFINED (__EEPROM_REGION_LENGTH__)?__EEPROM_REGION_LENGTH__:0x10000
                [0x00000002]                __FUSE_REGION_LENGTH__ = DEFINED (__FUSE_REGION_LENGTH__)?__FUSE_REGION_LENGTH__:0x400
                0x00000400                __LOCK_REGION_LENGTH__ = DEFINED (__LOCK_REGION_LENGTH__)?__LOCK_REGION_LENGTH__:0x400
                0x00000400                __SIGNATURE_REGION_LENGTH__ = DEFINED (__SIGNATURE_REGION_LENGTH__)?__SIGNATURE_REGION_LENGTH__:0x400
                0x00000400                __USER_SIGNATURE_REGION_LENGTH__ = DEFINED (__USER_SIGNATURE_REGION_LENGTH__)?__USER_SIGNATURE_REGION_LENGTH__:0x400

.hash
 *(.hash)

.dynsym
 *(.dynsym)

.dynstr
 *(.dynstr)

.gnu.version
 *(.gnu.version)

.gnu.version_d
 *(.gnu.version_d)

.gnu.version_r
 *(.gnu.version_r)

.rel.init
 *(.rel.init)

.rela.init
 *(.rela.init)

.rel.text
 *(.rel.text)
 *(.rel.text.*)
 *(.rel.gnu.linkonce.t*)

.rela.text
 *(.rela.text)
 *(.rela.text.*)
 *(.rela.gnu.linkonce.t*)

.rel.fini
 *(.rel.fini)

.rela.fini
 *(.rela.fini)

.rel.rodata
 *(.rel.rodata)
 *(.rel.rodata.*)
 *(.rel.gnu.linkonce.r*)

.rela.rodata
 *(.rela.rodata)
 *(.rela.rodata.*)
 *(.rela.gnu.linkonce.r*)

.rel.data
 *(.rel.data)
 *(.rel.data.*)
 *(.rel.gnu.linkonce.d*)

.rela.data
 *(.rela.data)
 *(.rela.data.*)
 *(.rela.gnu.linkonce.d*)

.rel.ctors
 *(.rel.ctors)

.rela.ctors
 *(.rela.ctors)

.rel.dtors
 *(.rel.dtors)

.rela.dtors
 *(.rela.dtors)

.rel.got
 *(.rel.got)

.rela.got
 *(.rela.got)

.rel.bss
 *(.rel.bss)

.rela.bss
 *(.rela.bss)

.rel.plt
 *(.rel.plt)

.rela.plt
 *(.rela.plt)

.text           0x00000000     0x1178
 *(.vectors)
 .vectors       0x00000000       0x54 C:/Program Files (x86)/Atmel/Studio/7.0/Packs/atmel/ATmega_DFP/1.2.209/gcc/dev/atmega32/avr5/crtatmega32.o
                0x00000000                __vector_default
                0x00000000                __vectors
 *(.vectors)
 *(.progmem.gcc*)
                0x00000054                . = ALIGN (0x2)
                0x00000054                __trampolines_start = .
 *(.trampolines)
 .trampolines   0x00000054        0x0 linker stubs
 *(.trampolines*)
                0x00000054                __trampolines_end = .
 *libprintf_flt.a:*(.progmem.data)
 *libc.a:*(.progmem.data)
 *(.progmem*)
                0x00000054                . = ALIGN (0x2)
 *(.jumptables)
 *(.jumptables*)
 *(.lowtext)
 *(.lowtext*)
                0x00000054                __ctors_start = .
 *(.ctors)
                0x00000054                __ctors_end = .
                0x00000054                __dtors_start = .
 *(.dtors)
                0x00000054                __dtors_end = .
 SORT(*)(.ctors)
 SORT(*)(.dtors)
 *(.init0)
 .init0         0x00000054        0x0 C:/Program Files (x86)/Atmel/Studio/7.0/Packs/atmel/ATmega_DFP/1.2.209/gcc/dev/atmega32/avr5/crtatmega32.o
                0x00000054                __init
 *(.init0)
 *(.init1)
 *(.init1)
 *(.init2)
 .init2         0x00000054        0xc C:/Program Files (x86)/Atmel/Studio/7.0/Packs/atmel/ATmega_DFP/1.2.209/gcc/dev/atmega32/avr5/crtatmega32.o
 *(.init2)
 *(.init3)
 *(.init3)
 *(.init4)
 .init4         0x00000060       0x16 c:/program files (x86)/atmel/studio/7.0/toolchain/avr8/avr8-gnu-toolchain/bin/../lib/gcc/avr/5.4.0/avr5\libgcc.a(_copy_data.o)
                0x00000060                __do_copy_data
 .init4         0x00000076       0x10 c:/program files (x86)/atmel/studio/7.0/toolchain/avr8/avr8-gnu-toolchain/bin/../lib/gcc/avr/5.4.0/avr5\libgcc.a(_clear_bss.o)
                0x00000076                __do_clear_bss
 *(.init4)
 *(.init5)
 *(.init5)
 *(.init6)
 *(.init6)
 *(.init7)
 *(.init7)
 *(.init8)
 *(.init8)
 *(.init9)
 .init9         0x00000086        0x8 C:/Program Files (x86)/Atmel/Studio/7.0/Packs/atmel/ATmega_DFP/1.2.209/gcc/dev/atmega32/avr5/crtatmega32.o
 *(.init9)
 *(.text)
 .text          0x0000008e        0x4 C:/Program Files (x86)/Atmel/Studio/7.0/Packs/atmel/ATmega_DFP/1.2.209/gcc/dev/atmega32/avr5/crtatmega32.o
                0x0000008e                __vector_12
                0x0000008e                __bad_interrupt
                0x0000008e                __vector_6
                0x0000008e                __vector_3
                0x0000008e                __vector_17
                0x0000008e                __vector_19
                0x0000008e                __vector_5
                0x0000008e                __vector_4
                0x0000008e                __vector_2
                0x0000008e                __vector_8
                0x0000008e                __vector_14
                0x0000008e                __vector_16
                0x0000008e                __vector_18
                0x0000008e                __vector_20
                0x00000092                . = ALIGN (0x2)
 *(.text.*)
 .text.main     0x00000092        0xa APP/MAIN/main.o
                0x00000092                main
 .text.Drivers_Init
                0x0000009c       0x2c APP/Smart Door/Smart_Door.o
                0x0000009c                Drivers_Init
 .text.Welcome_Message
                0x000000c8       0xb2 APP/Smart Door/Smart_Door.o
                0x000000c8                Welcome_Message
 .text.Write_Password_In_EEPROM
                0x0000017a       0x60 APP/Smart Door/Smart_Door.o
                0x0000017a                Write_Password_In_EEPROM
 .text.SetNewPinForFirstTimeOnly
                0x000001da       0x5c APP/Smart Door/Smart_Door.o
                0x000001da                SetNewPinForFirstTimeOnly
 .text.CheckIfPasswordIsStoredInEEPROM
                0x00000236       0x80 APP/Smart Door/Smart_Door.o
                0x00000236                CheckIfPasswordIsStoredInEEPROM
 .text.Project_Init
                0x000002b6       0x12 APP/Smart Door/Smart_Door.o
                0x000002b6                Project_Init
 .text.Right_Password_Sequence
                0x000002c8       0x3e APP/Smart Door/Smart_Door.o
                0x000002c8                Right_Password_Sequence
 .text.PIN_Entry_Sequence
                0x00000306       0xc0 APP/Smart Door/Smart_Door.o
                0x00000306                PIN_Entry_Sequence
 .text.Wrong_Password_Sequence
                0x000003c6       0x90 APP/Smart Door/Smart_Door.o
                0x000003c6                Wrong_Password_Sequence
 .text.New_PIN_Entry_Sequence
                0x00000456       0x6e APP/Smart Door/Smart_Door.o
                0x00000456                New_PIN_Entry_Sequence
 .text.Wrong_Password_Sequence_For_Changing_Pin
                0x000004c4       0x90 APP/Smart Door/Smart_Door.o
                0x000004c4                Wrong_Password_Sequence_For_Changing_Pin
 .text.Change_PIN_Sequence
                0x00000554       0xbc APP/Smart Door/Smart_Door.o
                0x00000554                Change_PIN_Sequence
 .text.App      0x00000610       0x24 APP/Smart Door/Smart_Door.o
                0x00000610                App
 .text.Buzzer_ON
                0x00000634        0xa HAL/Buzzer/Buzzer_Core.o
                0x00000634                Buzzer_ON
 .text.Buzzer_OFF
                0x0000063e        0xa HAL/Buzzer/Buzzer_Core.o
                0x0000063e                Buzzer_OFF
 .text.EEPROM_WriteByte
                0x00000648       0x2e HAL/EEPROM/EEPROM_Core.o
                0x00000648                EEPROM_WriteByte
 .text.EEPROM_ReadByte
                0x00000676       0x34 HAL/EEPROM/EEPROM_Core.o
                0x00000676                EEPROM_ReadByte
 .text.EEPROM_WriteMultipleBytes
                0x000006aa       0x56 HAL/EEPROM/EEPROM_Core.o
                0x000006aa                EEPROM_WriteMultipleBytes
 .text.EEPROM_ReadMultipleBytes
                0x00000700       0x4c HAL/EEPROM/EEPROM_Core.o
                0x00000700                EEPROM_ReadMultipleBytes
 .text.LCD_WriteCommand
                0x0000074c       0xbc HAL/LCD/LCD_Core.o
                0x0000074c                LCD_WriteCommand
 .text.LCD_Init
                0x00000808       0x38 HAL/LCD/LCD_Core.o
                0x00000808                LCD_Init
 .text.LCD_WriteChar
                0x00000840       0xbc HAL/LCD/LCD_Core.o
                0x00000840                LCD_WriteChar
 .text.LCD_WriteString
                0x000008fc       0x38 HAL/LCD/LCD_Core.o
                0x000008fc                LCD_WriteString
 .text.LCD_GoTo
                0x00000934       0x36 HAL/LCD/LCD_Core.o
                0x00000934                LCD_GoTo
 .text.LCD_Clear
                0x0000096a       0x14 HAL/LCD/LCD_Core.o
                0x0000096a                LCD_Clear
 .text.LCD_WriteCustomCharacter
                0x0000097e       0x5a HAL/LCD/LCD_Core.o
                0x0000097e                LCD_WriteCustomCharacter
 .text.LED_ON   0x000009d8        0xa HAL/LED/LED_Core.o
                0x000009d8                LED_ON
 .text.LED_OFF  0x000009e2        0xa HAL/LED/LED_Core.o
                0x000009e2                LED_OFF
 .text.ServoMotor_Init
                0x000009ec        0x6 HAL/ServoMotor/ServoMotor_Core.o
                0x000009ec                ServoMotor_Init
 .text.ServoMotor_SetAngle18
                0x000009f2       0x4c HAL/ServoMotor/ServoMotor_Core.o
                0x000009f2                ServoMotor_SetAngle18
 .text.ServoMotor_Home
                0x00000a3e        0xa HAL/ServoMotor/ServoMotor_Core.o
                0x00000a3e                ServoMotor_Home
 .text.DIO_WriteChannel
                0x00000a48      0x10e MCAL/DIO/DIO_Core.o
                0x00000a48                DIO_WriteChannel
 .text.GPT_Init
                0x00000b56       0x26 MCAL/GPT/GPT_Core.o
                0x00000b56                GPT_Init
 .text.I2C_MasterInit
                0x00000b7c       0x16 MCAL/I2C/I2C_Core.o
                0x00000b7c                I2C_MasterInit
 .text.I2C_StartCondition
                0x00000b92       0x1a MCAL/I2C/I2C_Core.o
                0x00000b92                I2C_StartCondition
 .text.I2C_RepeatedStart
                0x00000bac       0x1c MCAL/I2C/I2C_Core.o
                0x00000bac                I2C_RepeatedStart
 .text.I2C_SlaveAddress_WriteOperation
                0x00000bc8       0x1e MCAL/I2C/I2C_Core.o
                0x00000bc8                I2C_SlaveAddress_WriteOperation
 .text.I2C_SlaveAddress_ReadOperation
                0x00000be6       0x20 MCAL/I2C/I2C_Core.o
                0x00000be6                I2C_SlaveAddress_ReadOperation
 .text.I2C_WriteByte
                0x00000c06       0x1c MCAL/I2C/I2C_Core.o
                0x00000c06                I2C_WriteByte
 .text.I2C_ReadByte
                0x00000c22       0x1c MCAL/I2C/I2C_Core.o
                0x00000c22                I2C_ReadByte
 .text.I2C_StopCondition
                0x00000c3e        0x6 MCAL/I2C/I2C_Core.o
                0x00000c3e                I2C_StopCondition
 .text.IRQH_SetGlobalInterrupts
                0x00000c44       0x18 MCAL/IRQH/IRQH_Core.o
                0x00000c44                IRQH_SetGlobalInterrupts
 .text.IRQH_SetCallBackUART
                0x00000c5c        0xa MCAL/IRQH/IRQH_Core.o
                0x00000c5c                IRQH_SetCallBackUART
 .text.__vector_1
                0x00000c66       0x4e MCAL/IRQH/IRQH_Core.o
                0x00000c66                __vector_1
 .text.__vector_11
                0x00000cb4       0xa4 MCAL/IRQH/IRQH_Core.o
                0x00000cb4                __vector_11
 .text.__vector_10
                0x00000d58       0x9e MCAL/IRQH/IRQH_Core.o
                0x00000d58                __vector_10
 .text.__vector_9
                0x00000df6       0x4a MCAL/IRQH/IRQH_Core.o
                0x00000df6                __vector_9
 .text.__vector_7
                0x00000e40       0x4e MCAL/IRQH/IRQH_Core.o
                0x00000e40                __vector_7
 .text.__vector_15
                0x00000e8e       0x28 MCAL/IRQH/IRQH_Core.o
                0x00000e8e                __vector_15
 .text.__vector_13
                0x00000eb6       0x4e MCAL/IRQH/IRQH_Core.o
                0x00000eb6                __vector_13
 .text.PORT_Init
                0x00000f04      0x106 MCAL/PORT/PORT_Core.o
                0x00000f04                PORT_Init
 .text.PWM_Init
                0x0000100a       0x14 MCAL/PWM/PWM_Core.o
                0x0000100a                PWM_Init
 .text.PWM1_Generate
                0x0000101e       0x5c MCAL/PWM/PWM_Core.o
                0x0000101e                PWM1_Generate
 .text.UART_Init
                0x0000107a       0x3a MCAL/UART/UART_Core.o
                0x0000107a                UART_Init
 .text.UART_ReceiveByte
                0x000010b4        0xe MCAL/UART/UART_Core.o
                0x000010b4                UART_ReceiveByte
 .text.UART_ReceivedByte_Status
                0x000010c2       0x12 MCAL/UART/UART_Core.o
                0x000010c2                UART_ReceivedByte_Status
 .text.libgcc.div
                0x000010d4       0x2e c:/program files (x86)/atmel/studio/7.0/toolchain/avr8/avr8-gnu-toolchain/bin/../lib/gcc/avr/5.4.0/avr5\libgcc.a(_divmodsi4.o)
                0x000010d4                __divmodsi4
 .text.libgcc.div
                0x00001102       0x10 c:/program files (x86)/atmel/studio/7.0/toolchain/avr8/avr8-gnu-toolchain/bin/../lib/gcc/avr/5.4.0/avr5\libgcc.a(_negsi2.o)
                0x00001102                __negsi2
 .text.libgcc.mul
                0x00001112       0x1e c:/program files (x86)/atmel/studio/7.0/toolchain/avr8/avr8-gnu-toolchain/bin/../lib/gcc/avr/5.4.0/avr5\libgcc.a(_umulhisi3.o)
                0x00001112                __umulhisi3
 .text.libgcc.div
                0x00001130       0x44 c:/program files (x86)/atmel/studio/7.0/toolchain/avr8/avr8-gnu-toolchain/bin/../lib/gcc/avr/5.4.0/avr5\libgcc.a(_udivmodsi4.o)
                0x00001130                __udivmodsi4
                0x00001174                . = ALIGN (0x2)
 *(.fini9)
 .fini9         0x00001174        0x0 c:/program files (x86)/atmel/studio/7.0/toolchain/avr8/avr8-gnu-toolchain/bin/../lib/gcc/avr/5.4.0/avr5\libgcc.a(_exit.o)
                0x00001174                _exit
                0x00001174                exit
 *(.fini9)
 *(.fini8)
 *(.fini8)
 *(.fini7)
 *(.fini7)
 *(.fini6)
 *(.fini6)
 *(.fini5)
 *(.fini5)
 *(.fini4)
 *(.fini4)
 *(.fini3)
 *(.fini3)
 *(.fini2)
 *(.fini2)
 *(.fini1)
 *(.fini1)
 *(.fini0)
 .fini0         0x00001174        0x4 c:/program files (x86)/atmel/studio/7.0/toolchain/avr8/avr8-gnu-toolchain/bin/../lib/gcc/avr/5.4.0/avr5\libgcc.a(_exit.o)
 *(.fini0)
                0x00001178                _etext = .

.data           0x00800060       0xe6 load address 0x00001178
                0x00800060                PROVIDE (__data_start, .)
 *(.data)
 *(.data*)
 .data.PORT_Initialization
                0x00800060       0x1e APP/CFGH/MCAL_CFG/PORT_LCFG.o
                0x00800060                PORT_Initialization
 .data.Password
                0x0080007e        0x4 APP/Smart Door/Smart_Door.o
                0x0080007e                Password
 *(.gnu.linkonce.d*)
 *(.rodata)
 *(.rodata*)
 .rodata.LCD_CUSTOM_CHARACTERS_g
                0x00800082        0x8 APP/CFGH/HAL_CFG/LCD_CFG.o
                0x00800082                LCD_CUSTOM_CHARACTERS_g
 .rodata.str1.1
                0x0080008a       0xbb APP/Smart Door/Smart_Door.o
 *(.gnu.linkonce.r*)
                0x00800146                . = ALIGN (0x2)
 *fill*         0x00800145        0x1 
                0x00800146                _edata = .
                0x00800146                PROVIDE (__data_end, .)

.bss            0x00800146       0x34
                0x00800146                PROVIDE (__bss_start, .)
 *(.bss)
 *(.bss*)
 .bss.Pass_Ptr  0x00800146        0x2 APP/Smart Door/Smart_Door.o
                0x00800146                Pass_Ptr
 .bss.Return_Value
                0x00800148        0x1 APP/Smart Door/Smart_Door.o
                0x00800148                Return_Value
 .bss.Return_Byte
                0x00800149        0x1 APP/Smart Door/Smart_Door.o
                0x00800149                Return_Byte
 .bss.Wrong_Pass_Cntr
                0x0080014a        0x1 APP/Smart Door/Smart_Door.o
                0x0080014a                Wrong_Pass_Cntr
 .bss.Pass_Flag
                0x0080014b        0x1 APP/Smart Door/Smart_Door.o
                0x0080014b                Pass_Flag
 .bss.Data.1805
                0x0080014c        0x4 HAL/EEPROM/EEPROM_Core.o
 .bss.TIMER0_CmprMatch_CNTR.1686
                0x00800150        0x4 MCAL/IRQH/IRQH_Core.o
 .bss.TIMER0_OVF_CNTR.1680
                0x00800154        0x4 MCAL/IRQH/IRQH_Core.o
 .bss.RX_ptr    0x00800158        0x2 MCAL/IRQH/IRQH_Core.o
                0x00800158                RX_ptr
 .bss.GPT_ptr   0x0080015a        0x2 MCAL/IRQH/IRQH_Core.o
                0x0080015a                GPT_ptr
 .bss.ptr       0x0080015c        0x2 MCAL/IRQH/IRQH_Core.o
                0x0080015c                ptr
 .bss.ReceivedByte_FLAG
                0x0080015e        0x1 MCAL/UART/UART_Core.o
                0x0080015e                ReceivedByte_FLAG
 .bss.TX_CNTR   0x0080015f        0x1 MCAL/UART/UART_Core.o
                0x0080015f                TX_CNTR
 .bss.TX_STATUS_FLAG
                0x00800160        0x1 MCAL/UART/UART_Core.o
                0x00800160                TX_STATUS_FLAG
 .bss.UART_RECEIVED_BYTE
                0x00800161        0x1 MCAL/UART/UART_Core.o
                0x00800161                UART_RECEIVED_BYTE
 *(COMMON)
 COMMON         0x00800162        0x4 APP/Smart Door/Smart_Door.o
                0x00800162                UART_Received_Data
 COMMON         0x00800166       0x14 MCAL/GPT/GPT_Core.o
                0x00800166                TIMER0Number_CmprMatch_Flags_g
                0x0080016a                TIMER0Number_OVF_Flags_g
                0x0080016e                TIMER1Number_OVF_Flags_g
                0x00800172                TIMER0Init_Value_g
                0x00800176                TIMER1Init_Value_g
                0x0080017a                PROVIDE (__bss_end, .)
                0x00001178                __data_load_start = LOADADDR (.data)
                0x0000125e                __data_load_end = (__data_load_start + SIZEOF (.data))

.noinit         0x0080017a        0x0
                [!provide]                PROVIDE (__noinit_start, .)
 *(.noinit*)
                [!provide]                PROVIDE (__noinit_end, .)
                0x0080017a                _end = .
                [!provide]                PROVIDE (__heap_start, .)

.eeprom         0x00810000        0x0
 *(.eeprom*)
                0x00810000                __eeprom_end = .

.fuse
 *(.fuse)
 *(.lfuse)
 *(.hfuse)
 *(.efuse)

.lock
 *(.lock*)

.signature
 *(.signature*)

.user_signatures
 *(.user_signatures*)

.stab
 *(.stab)

.stabstr
 *(.stabstr)

.stab.excl
 *(.stab.excl)

.stab.exclstr
 *(.stab.exclstr)

.stab.index
 *(.stab.index)

.stab.indexstr
 *(.stab.indexstr)

.comment        0x00000000       0x30
 *(.comment)
 .comment       0x00000000       0x30 APP/CFGH/HAL_CFG/LCD_CFG.o
                                 0x31 (size before relaxing)
 .comment       0x00000030       0x31 APP/CFGH/MCAL_CFG/PORT_LCFG.o
 .comment       0x00000030       0x31 APP/MAIN/main.o
 .comment       0x00000030       0x31 APP/Smart Door/Smart_Door.o
 .comment       0x00000030       0x31 HAL/Buzzer/Buzzer_Core.o
 .comment       0x00000030       0x31 HAL/EEPROM/EEPROM_Core.o
 .comment       0x00000030       0x31 HAL/LCD/LCD_Core.o
 .comment       0x00000030       0x31 HAL/LED/LED_Core.o
 .comment       0x00000030       0x31 HAL/ServoMotor/ServoMotor_Core.o
 .comment       0x00000030       0x31 MCAL/DIO/DIO_Core.o
 .comment       0x00000030       0x31 MCAL/GPT/GPT_Core.o
 .comment       0x00000030       0x31 MCAL/I2C/I2C_Core.o
 .comment       0x00000030       0x31 MCAL/IRQH/IRQH_Core.o
 .comment       0x00000030       0x31 MCAL/PORT/PORT_Core.o
 .comment       0x00000030       0x31 MCAL/PWM/PWM_Core.o
 .comment       0x00000030       0x31 MCAL/UART/UART_Core.o

.note.gnu.avr.deviceinfo
                0x00000000       0x3c
 .note.gnu.avr.deviceinfo
                0x00000000       0x3c C:/Program Files (x86)/Atmel/Studio/7.0/Packs/atmel/ATmega_DFP/1.2.209/gcc/dev/atmega32/avr5/crtatmega32.o

.note.gnu.build-id
 *(.note.gnu.build-id)

.debug
 *(.debug)

.line
 *(.line)

.debug_srcinfo
 *(.debug_srcinfo)

.debug_sfnames
 *(.debug_sfnames)

.debug_aranges  0x00000000      0x3d8
 *(.debug_aranges)
 .debug_aranges
                0x00000000       0x18 APP/CFGH/HAL_CFG/LCD_CFG.o
 .debug_aranges
                0x00000018       0x18 APP/CFGH/MCAL_CFG/PORT_LCFG.o
 .debug_aranges
                0x00000030       0x20 APP/MAIN/main.o
 .debug_aranges
                0x00000050       0x80 APP/Smart Door/Smart_Door.o
 .debug_aranges
                0x000000d0       0x28 HAL/Buzzer/Buzzer_Core.o
 .debug_aranges
                0x000000f8       0x38 HAL/EEPROM/EEPROM_Core.o
 .debug_aranges
                0x00000130       0x58 HAL/LCD/LCD_Core.o
 .debug_aranges
                0x00000188       0x38 HAL/LED/LED_Core.o
 .debug_aranges
                0x000001c0       0x30 HAL/ServoMotor/ServoMotor_Core.o
 .debug_aranges
                0x000001f0       0x40 MCAL/DIO/DIO_Core.o
 .debug_aranges
                0x00000230       0x28 MCAL/GPT/GPT_Core.o
 .debug_aranges
                0x00000258       0x60 MCAL/I2C/I2C_Core.o
 .debug_aranges
                0x000002b8       0x70 MCAL/IRQH/IRQH_Core.o
 .debug_aranges
                0x00000328       0x20 MCAL/PORT/PORT_Core.o
 .debug_aranges
                0x00000348       0x30 MCAL/PWM/PWM_Core.o
 .debug_aranges
                0x00000378       0x60 MCAL/UART/UART_Core.o

.debug_pubnames
 *(.debug_pubnames)

.debug_info     0x00000000     0x331f
 *(.debug_info .gnu.linkonce.wi.*)
 .debug_info    0x00000000      0x4e6 C:/Program Files (x86)/Atmel/Studio/7.0/Packs/atmel/ATmega_DFP/1.2.209/gcc/dev/atmega32/avr5/crtatmega32.o
 .debug_info    0x000004e6       0xa1 APP/CFGH/HAL_CFG/LCD_CFG.o
 .debug_info    0x00000587       0xc1 APP/CFGH/MCAL_CFG/PORT_LCFG.o
 .debug_info    0x00000648       0xca APP/MAIN/main.o
 .debug_info    0x00000712      0xf88 APP/Smart Door/Smart_Door.o
 .debug_info    0x0000169a       0xed HAL/Buzzer/Buzzer_Core.o
 .debug_info    0x00001787      0x3a9 HAL/EEPROM/EEPROM_Core.o
 .debug_info    0x00001b30      0x947 HAL/LCD/LCD_Core.o
 .debug_info    0x00002477      0x145 HAL/LED/LED_Core.o
 .debug_info    0x000025bc      0x185 HAL/ServoMotor/ServoMotor_Core.o
 .debug_info    0x00002741      0x220 MCAL/DIO/DIO_Core.o
 .debug_info    0x00002961      0x147 MCAL/GPT/GPT_Core.o
 .debug_info    0x00002aa8      0x18e MCAL/I2C/I2C_Core.o
 .debug_info    0x00002c36      0x28a MCAL/IRQH/IRQH_Core.o
 .debug_info    0x00002ec0      0x11f MCAL/PORT/PORT_Core.o
 .debug_info    0x00002fdf       0xf2 MCAL/PWM/PWM_Core.o
 .debug_info    0x000030d1      0x24e MCAL/UART/UART_Core.o

.debug_abbrev   0x00000000     0x117c
 *(.debug_abbrev)
 .debug_abbrev  0x00000000      0x4a3 C:/Program Files (x86)/Atmel/Studio/7.0/Packs/atmel/ATmega_DFP/1.2.209/gcc/dev/atmega32/avr5/crtatmega32.o
 .debug_abbrev  0x000004a3       0x52 APP/CFGH/HAL_CFG/LCD_CFG.o
 .debug_abbrev  0x000004f5       0x76 APP/CFGH/MCAL_CFG/PORT_LCFG.o
 .debug_abbrev  0x0000056b       0x7a APP/MAIN/main.o
 .debug_abbrev  0x000005e5      0x1c5 APP/Smart Door/Smart_Door.o
 .debug_abbrev  0x000007aa       0x7c HAL/Buzzer/Buzzer_Core.o
 .debug_abbrev  0x00000826       0xed HAL/EEPROM/EEPROM_Core.o
 .debug_abbrev  0x00000913      0x1e6 HAL/LCD/LCD_Core.o
 .debug_abbrev  0x00000af9       0xa1 HAL/LED/LED_Core.o
 .debug_abbrev  0x00000b9a       0x98 HAL/ServoMotor/ServoMotor_Core.o
 .debug_abbrev  0x00000c32       0xd2 MCAL/DIO/DIO_Core.o
 .debug_abbrev  0x00000d04       0x8f MCAL/GPT/GPT_Core.o
 .debug_abbrev  0x00000d93       0x9a MCAL/I2C/I2C_Core.o
 .debug_abbrev  0x00000e2d      0x13d MCAL/IRQH/IRQH_Core.o
 .debug_abbrev  0x00000f6a       0xb4 MCAL/PORT/PORT_Core.o
 .debug_abbrev  0x0000101e       0x96 MCAL/PWM/PWM_Core.o
 .debug_abbrev  0x000010b4       0xc8 MCAL/UART/UART_Core.o

.debug_line     0x00000000     0x1bf2
 *(.debug_line .debug_line.* .debug_line_end)
 .debug_line    0x00000000      0x115 C:/Program Files (x86)/Atmel/Studio/7.0/Packs/atmel/ATmega_DFP/1.2.209/gcc/dev/atmega32/avr5/crtatmega32.o
 .debug_line    0x00000115       0x4b APP/CFGH/HAL_CFG/LCD_CFG.o
 .debug_line    0x00000160       0x5d APP/CFGH/MCAL_CFG/PORT_LCFG.o
 .debug_line    0x000001bd       0x72 APP/MAIN/main.o
 .debug_line    0x0000022f      0x82a APP/Smart Door/Smart_Door.o
 .debug_line    0x00000a59       0x80 HAL/Buzzer/Buzzer_Core.o
 .debug_line    0x00000ad9      0x160 HAL/EEPROM/EEPROM_Core.o
 .debug_line    0x00000c39      0x3cf HAL/LCD/LCD_Core.o
 .debug_line    0x00001008       0xb5 HAL/LED/LED_Core.o
 .debug_line    0x000010bd       0xe5 HAL/ServoMotor/ServoMotor_Core.o
 .debug_line    0x000011a2      0x20e MCAL/DIO/DIO_Core.o
 .debug_line    0x000013b0       0x95 MCAL/GPT/GPT_Core.o
 .debug_line    0x00001445      0x20e MCAL/I2C/I2C_Core.o
 .debug_line    0x00001653      0x21d MCAL/IRQH/IRQH_Core.o
 .debug_line    0x00001870      0x108 MCAL/PORT/PORT_Core.o
 .debug_line    0x00001978       0xa6 MCAL/PWM/PWM_Core.o
 .debug_line    0x00001a1e      0x1d4 MCAL/UART/UART_Core.o

.debug_frame    0x00000000      0x864
 *(.debug_frame)
 .debug_frame   0x00000000       0x24 APP/MAIN/main.o
 .debug_frame   0x00000024      0x104 APP/Smart Door/Smart_Door.o
 .debug_frame   0x00000128       0x34 HAL/Buzzer/Buzzer_Core.o
 .debug_frame   0x0000015c       0xa4 HAL/EEPROM/EEPROM_Core.o
 .debug_frame   0x00000200      0x120 HAL/LCD/LCD_Core.o
 .debug_frame   0x00000320       0x54 HAL/LED/LED_Core.o
 .debug_frame   0x00000374       0x44 HAL/ServoMotor/ServoMotor_Core.o
 .debug_frame   0x000003b8       0x64 MCAL/DIO/DIO_Core.o
 .debug_frame   0x0000041c       0x34 MCAL/GPT/GPT_Core.o
 .debug_frame   0x00000450       0xa4 MCAL/I2C/I2C_Core.o
 .debug_frame   0x000004f4      0x25c MCAL/IRQH/IRQH_Core.o
 .debug_frame   0x00000750       0x24 MCAL/PORT/PORT_Core.o
 .debug_frame   0x00000774       0x4c MCAL/PWM/PWM_Core.o
 .debug_frame   0x000007c0       0xa4 MCAL/UART/UART_Core.o

.debug_str      0x00000000      0xcf8
 *(.debug_str)
 .debug_str     0x00000000      0x196 C:/Program Files (x86)/Atmel/Studio/7.0/Packs/atmel/ATmega_DFP/1.2.209/gcc/dev/atmega32/avr5/crtatmega32.o
 .debug_str     0x00000196      0x1bb APP/CFGH/HAL_CFG/LCD_CFG.o
                                0x1e2 (size before relaxing)
 .debug_str     0x00000351       0x4c APP/CFGH/MCAL_CFG/PORT_LCFG.o
                                0x1f8 (size before relaxing)
 .debug_str     0x0000039d       0x33 APP/MAIN/main.o
                                0x1dd (size before relaxing)
 .debug_str     0x000003d0      0x336 APP/Smart Door/Smart_Door.o
                                0x51d (size before relaxing)
 .debug_str     0x00000706       0x3e HAL/Buzzer/Buzzer_Core.o
                                0x1f0 (size before relaxing)
 .debug_str     0x00000744       0xdd HAL/EEPROM/EEPROM_Core.o
                                0x2fd (size before relaxing)
 .debug_str     0x00000821       0x7b HAL/LCD/LCD_Core.o
                                0x318 (size before relaxing)
 .debug_str     0x0000089c       0x37 HAL/LED/LED_Core.o
                                0x20b (size before relaxing)
 .debug_str     0x000008d3       0x41 HAL/ServoMotor/ServoMotor_Core.o
                                0x21a (size before relaxing)
 .debug_str     0x00000914       0x82 MCAL/DIO/DIO_Core.o
                                0x257 (size before relaxing)
 .debug_str     0x00000996       0xe1 MCAL/GPT/GPT_Core.o
                                0x28d (size before relaxing)
 .debug_str     0x00000a77       0x25 MCAL/I2C/I2C_Core.o
                                0x275 (size before relaxing)
 .debug_str     0x00000a9c       0xf9 MCAL/IRQH/IRQH_Core.o
                                0x350 (size before relaxing)
 .debug_str     0x00000b95       0x1e MCAL/PORT/PORT_Core.o
                                0x204 (size before relaxing)
 .debug_str     0x00000bb3       0x3a MCAL/PWM/PWM_Core.o
                                0x1fb (size before relaxing)
 .debug_str     0x00000bed      0x10b MCAL/UART/UART_Core.o
                                0x31f (size before relaxing)

.debug_loc      0x00000000     0x1fbb
 *(.debug_loc)
 .debug_loc     0x00000000      0x604 APP/Smart Door/Smart_Door.o
 .debug_loc     0x00000604      0x3c0 HAL/EEPROM/EEPROM_Core.o
 .debug_loc     0x000009c4      0x729 HAL/LCD/LCD_Core.o
 .debug_loc     0x000010ed       0x85 HAL/ServoMotor/ServoMotor_Core.o
 .debug_loc     0x00001172      0x595 MCAL/DIO/DIO_Core.o
 .debug_loc     0x00001707       0x8e MCAL/I2C/I2C_Core.o
 .debug_loc     0x00001795      0x4d0 MCAL/IRQH/IRQH_Core.o
 .debug_loc     0x00001c65      0x258 MCAL/PORT/PORT_Core.o
 .debug_loc     0x00001ebd       0x6f MCAL/PWM/PWM_Core.o
 .debug_loc     0x00001f2c       0x8f MCAL/UART/UART_Core.o

.debug_macinfo
 *(.debug_macinfo)

.debug_weaknames
 *(.debug_weaknames)

.debug_funcnames
 *(.debug_funcnames)

.debug_typenames
 *(.debug_typenames)

.debug_varnames
 *(.debug_varnames)

.debug_pubtypes
 *(.debug_pubtypes)

.debug_ranges   0x00000000      0x2c8
 *(.debug_ranges)
 .debug_ranges  0x00000000       0x10 APP/MAIN/main.o
 .debug_ranges  0x00000010       0x70 APP/Smart Door/Smart_Door.o
 .debug_ranges  0x00000080       0x18 HAL/Buzzer/Buzzer_Core.o
 .debug_ranges  0x00000098       0x28 HAL/EEPROM/EEPROM_Core.o
 .debug_ranges  0x000000c0       0x48 HAL/LCD/LCD_Core.o
 .debug_ranges  0x00000108       0x28 HAL/LED/LED_Core.o
 .debug_ranges  0x00000130       0x20 HAL/ServoMotor/ServoMotor_Core.o
 .debug_ranges  0x00000150       0x30 MCAL/DIO/DIO_Core.o
 .debug_ranges  0x00000180       0x18 MCAL/GPT/GPT_Core.o
 .debug_ranges  0x00000198       0x50 MCAL/I2C/I2C_Core.o
 .debug_ranges  0x000001e8       0x60 MCAL/IRQH/IRQH_Core.o
 .debug_ranges  0x00000248       0x10 MCAL/PORT/PORT_Core.o
 .debug_ranges  0x00000258       0x20 MCAL/PWM/PWM_Core.o
 .debug_ranges  0x00000278       0x50 MCAL/UART/UART_Core.o

.debug_macro
 *(.debug_macro)
OUTPUT(Smart Door System.elf elf32-avr)
LOAD linker stubs
